// Jest Snapshot v1, https://goo.gl/fbAQLP

exports[`Should show an item 1`] = `
<div
  className="Details-root-1"
>
  <a
    href="/"
    onClick={[Function]}
  >
    <button
      className="MuiButtonBase-root-30 MuiButton-root-4 MuiButton-text-6 MuiButton-flat-9"
      disabled={false}
      onBlur={[Function]}
      onContextMenu={[Function]}
      onFocus={[Function]}
      onKeyDown={[Function]}
      onKeyUp={[Function]}
      onMouseDown={[Function]}
      onMouseLeave={[Function]}
      onMouseUp={[Function]}
      onTouchEnd={[Function]}
      onTouchMove={[Function]}
      onTouchStart={[Function]}
      tabIndex="0"
      type="button"
    >
      <span
        className="MuiButton-label-5"
      >
        Home
      </span>
      <span
        className="MuiTouchRipple-root-33"
      />
    </button>
  </a>
</div>
`;
